1>#  se asume un ID máximo de persona de 10.
2>3>#  -- jugador1, id 1, 10 años --.
4>5>6>7>8>#  -- jugador4, id 4, 40 años --.
9>10>11>12>13>#  -- jugador5, id 5, 50 años.
14>15>16>17>18>#  -- jugador7, id 7, 70 años.
19>20>21>22>23>#  -- jugador8, id 8, 80 años.
24>25>26>27>28>#  -- jugador2, id 2, 20 años.
29>30>31>32>33>#  -- jugador10, id 10, 100 años.
34>35>36>37>38>#  -- jugador3, id 3, 30 años.
39>40>41>42>43>#  el orden debe ser 1, 3, 4, 5, 7, 10.
44>Jugador 1: jugador1, Uruguay, 10 años
Jugada: 1 
Movimientos: Derecha Izquierda Arriba Abajo 
Jugador 3: jugador3, Uruguay, 30 años
Jugada: 1 
Movimientos: Derecha Derecha Derecha Derecha 
Jugador 4: jugador4, Uruguay, 40 años
Jugada: 1 
Movimientos: Derecha Derecha Derecha Derecha 
Jugador 5: jugador5, Brasil, 50 años
Jugada: 1 
Movimientos: Abajo Arriba Izquierda Derecha 
Jugador 7: jugador7, Uruguay, 70 años
Jugada: 1 
Movimientos: Derecha Derecha Derecha Derecha 
Jugador 10: jugador10, Uruguay, 100 años
Jugada: 2 
Movimientos: Izquierda Izquierda Izquierda Izquierda 
45>46>Fin.
